---
http_interactions:
- request:
    method: get
    uri: http://openlibrary.org/search.json?key=<mapquest_key>&limit=5&q=Denver
    body:
      encoding: US-ASCII
      string: ''
    headers:
      User-Agent:
      - Faraday v2.5.2
      Accept-Encoding:
      - gzip;q=1.0,deflate;q=0.6,identity;q=0.3
      Accept:
      - "*/*"
  response:
    status:
      code: 200
      message: OK
    headers:
      Server:
      - nginx/1.18.0 (Ubuntu)
      Date:
      - Tue, 27 Sep 2022 21:16:59 GMT
      Content-Type:
      - application/json
      Transfer-Encoding:
      - chunked
      Connection:
      - keep-alive
      Access-Control-Allow-Origin:
      - "*"
      Access-Control-Allow-Method:
      - GET, OPTIONS
      Access-Control-Max-Age:
      - '86400'
      X-Ol-Stats:
      - '"SR 1 0.009 TT 0 0.010"'
      Referrer-Policy:
      - no-referrer-when-downgrade
    body:
      encoding: UTF-8
      string: |-
        {
            "numFound": 8849,
            "start": 0,
            "numFoundExact": true,
            "docs": [
                {
                    "key": "/works/OL7919260W",
                    "type": "work",
                    "seed": [
                        "/books/OL7534653M",
                        "/books/OL9773191M",
                        "/works/OL7919260W",
                        "/authors/OL2644662A"
                    ],
                    "title": "Denver                              **",
                    "title_suggest": "Denver                              **",
                    "edition_count": 2,
                    "edition_key": [
                        "OL7534653M",
                        "OL9773191M"
                    ],
                    "publish_date": [
                        "July 1982",
                        "1982"
                    ],
                    "publish_year": [
                        1982
                    ],
                    "first_publish_year": 1982,
                    "number_of_pages_median": 480,
                    "oclc": [
                        "8545466"
                    ],
                    "isbn": [
                        "0445047119",
                        "9780449047118",
                        "0449047113",
                        "9780445047112"
                    ],
                    "last_modified_i": 1303831840,
                    "ebook_count_i": 0,
                    "ebook_access": "no_ebook",
                    "has_fulltext": false,
                    "public_scan_b": false,
                    "publisher": [
                        "Popular Library",
                        "Fawcett Books"
                    ],
                    "language": [
                        "eng"
                    ],
                    "author_key": [
                        "OL2644662A"
                    ],
                    "author_name": [
                        "John Dunning"
                    ],
                    "id_goodreads": [
                        "572193",
                        "1709509"
                    ],
                    "id_librarything": [
                        "762567"
                    ],
                    "publisher_facet": [
                        "Fawcett Books",
                        "Popular Library"
                    ],
                    "_version_": 1735676409105350658,
                    "author_facet": [
                        "OL2644662A John Dunning"
                    ]
                },
                {
                    "key": "/works/OL26878533W",
                    "type": "work",
                    "seed": [
                        "/books/OL36444779M",
                        "/works/OL26878533W",
                        "/authors/OL10084594A"
                    ],
                    "title": "Denver Gift",
                    "title_suggest": "Denver Gift",
                    "edition_count": 1,
                    "edition_key": [
                        "OL36444779M"
                    ],
                    "publish_date": [
                        "2021"
                    ],
                    "publish_year": [
                        2021
                    ],
                    "first_publish_year": 2021,
                    "isbn": [
                        "9798593883957"
                    ],
                    "last_modified_i": 1640943095,
                    "ebook_count_i": 0,
                    "ebook_access": "no_ebook",
                    "has_fulltext": false,
                    "public_scan_b": false,
                    "publisher": [
                        "Independently Published"
                    ],
                    "language": [
                        "eng"
                    ],
                    "author_key": [
                        "OL10084594A"
                    ],
                    "author_name": [
                        "Vivienne Schneider"
                    ],
                    "publisher_facet": [
                        "Independently Published"
                    ],
                    "_version_": 1735668880312893445,
                    "author_facet": [
                        "OL10084594A Vivienne Schneider"
                    ]
                },
                {
                    "key": "/works/OL17732022W",
                    "type": "work",
                    "seed": [
                        "/books/OL26332277M",
                        "/books/OL36808891M",
                        "/books/OL36812433M",
                        "/books/OL36813586M",
                        "/books/OL36810142M",
                        "/books/OL36780164M",
                        "/books/OL36813587M",
                        "/books/OL36815923M",
                        "/works/OL17732022W",
                        "/subjects/fiction",
                        "/subjects/fiction_romance_general",
                        "/subjects/place:denver_(colo.)",
                        "/subjects/place:colorado",
                        "/subjects/place:denver",
                        "/authors/OL7321148A"
                    ],
                    "title": "The Denver cereal",
                    "title_suggest": "The Denver cereal",
                    "edition_count": 8,
                    "edition_key": [
                        "OL26332277M",
                        "OL36808891M",
                        "OL36812433M",
                        "OL36813586M",
                        "OL36810142M",
                        "OL36780164M",
                        "OL36813587M",
                        "OL36815923M"
                    ],
                    "publish_date": [
                        "2008",
                        "2009"
                    ],
                    "publish_year": [
                        2008,
                        2009
                    ],
                    "first_publish_year": 2008,
                    "number_of_pages_median": 186,
                    "publish_place": [
                        "Denver, CO"
                    ],
                    "oclc": [
                        "456457795"
                    ],
                    "lcc": [
                        "PS-3603.00000000.H74565D46"
                    ],
                    "ddc": [
                        "813.6"
                    ],
                    "isbn": [
                        "1938057481",
                        "9780982274606",
                        "1938057465",
                        "1938057244",
                        "9781938057588",
                        "0982274629",
                        "0982274602",
                        "9781938057304",
                        "9781938057298",
                        "9781938057243",
                        "9780982274620",
                        "1938057589",
                        "1938057309",
                        "9781938057465",
                        "1938057295",
                        "9781938057489"
                    ],
                    "last_modified_i": 1643352987,
                    "ebook_count_i": 1,
                    "ebook_access": "borrowable",
                    "has_fulltext": true,
                    "public_scan_b": false,
                    "ia": [
                        "denvercerealplac00clau"
                    ],
                    "ia_collection_s": "china;denverpubliclibrary-ol;inlibrary;internetarchivebooks;printdisabled",
                    "lending_edition_s": "OL26332277M",
                    "lending_identifier_s": "denvercerealplac00clau",
                    "printdisabled_s": "OL26332277M",
                    "cover_edition_key": "OL26332277M",
                    "cover_i": 8010520,
                    "publisher": [
                        "Cook Street Publishing"
                    ],
                    "language": [
                        "eng"
                    ],
                    "author_key": [
                        "OL7321148A"
                    ],
                    "author_name": [
                        "Claudia Hall Christian"
                    ],
                    "place": [
                        "Denver (Colo.)",
                        "Colorado",
                        "Denver"
                    ],
                    "subject": [
                        "Fiction",
                        "Fiction, romance, general",
                        "Accessible book",
                        "Protected DAISY"
                    ],
                    "ia_box_id": [
                        "IA1111520"
                    ],
                    "publisher_facet": [
                        "Cook Street Publishing"
                    ],
                    "place_key": [
                        "colorado",
                        "denver",
                        "denver_(colo.)"
                    ],
                    "subject_facet": [
                        "Accessible book",
                        "Fiction",
                        "Fiction, romance, general",
                        "Protected DAISY"
                    ],
                    "_version_": 1735658397483663360,
                    "place_facet": [
                        "Colorado",
                        "Denver",
                        "Denver (Colo.)"
                    ],
                    "lcc_sort": "PS-3603.00000000.H74565D46",
                    "author_facet": [
                        "OL7321148A Claudia Hall Christian"
                    ],
                    "subject_key": [
                        "accessible_book",
                        "fiction",
                        "fiction_romance_general",
                        "protected_daisy"
                    ],
                    "ddc_sort": "813.6"
                },
                {
                    "key": "/works/OL16042916W",
                    "type": "work",
                    "seed": [
                        "/books/OL3795822M",
                        "/works/OL16042916W",
                        "/subjects/industries",
                        "/subjects/retail_stores",
                        "/subjects/directories",
                        "/subjects/guidebooks",
                        "/subjects/business_travel",
                        "/authors/OL3429944A",
                        "/authors/OL6969695A",
                        "/authors/OL2653225A",
                        "/authors/OL6969696A",
                        "/authors/OL6969697A"
                    ],
                    "title": "Denver now",
                    "title_suggest": "Denver now",
                    "edition_count": 1,
                    "edition_key": [
                        "OL3795822M"
                    ],
                    "publish_date": [
                        "1982"
                    ],
                    "publish_year": [
                        1982
                    ],
                    "first_publish_year": 1982,
                    "lccn": [
                        "81085938"
                    ],
                    "publish_place": [
                        "Denver, CO"
                    ],
                    "oclc": [
                        "8781120"
                    ],
                    "contributor": [
                        "Now Publications.",
                        "Freed, Ken.",
                        "Most, Bruce W.",
                        "Gaddy, T. W.",
                        "Perez, Steve.",
                        "Chirichigno, Joe."
                    ],
                    "lcc": [
                        "HC-0108.00000000.D37 D46 1982"
                    ],
                    "ddc": [
                        "338.0978883"
                    ],
                    "isbn": [
                        "9780943426006",
                        "0943426006"
                    ],
                    "last_modified_i": 1603300845,
                    "ebook_count_i": 1,
                    "ebook_access": "borrowable",
                    "has_fulltext": true,
                    "public_scan_b": false,
                    "ia": [
                        "denvernowdenvers00most"
                    ],
                    "ia_collection_s": "china;denverpubliclibrary-ol;inlibrary;internetarchivebooks;printdisabled",
                    "lending_edition_s": "OL3795822M",
                    "lending_identifier_s": "denvernowdenvers00most",
                    "printdisabled_s": "OL3795822M",
                    "cover_edition_key": "OL3795822M",
                    "cover_i": 6909122,
                    "publisher": [
                        "Now Publications"
                    ],
                    "language": [
                        "eng"
                    ],
                    "author_key": [
                        "OL3429944A",
                        "OL6969695A",
                        "OL2653225A",
                        "OL6969696A",
                        "OL6969697A"
                    ],
                    "author_name": [
                        "Bruce W. Most",
                        "Ken Freed",
                        "Steve Perez",
                        "Joe Chirichigno",
                        "T. W. Gaddy"
                    ],
                    "subject": [
                        "Industries",
                        "Retail Stores",
                        "Directories",
                        "Guidebooks",
                        "Business travel",
                        "Accessible book",
                        "Protected DAISY"
                    ],
                    "id_librarything": [
                        "6359263"
                    ],
                    "ia_loaded_id": [
                        "denvernowdenvers00most"
                    ],
                    "ia_box_id": [
                        "IA125515"
                    ],
                    "publisher_facet": [
                        "Now Publications"
                    ],
                    "subject_facet": [
                        "Accessible book",
                        "Business travel",
                        "Directories",
                        "Guidebooks",
                        "Industries",
                        "Protected DAISY",
                        "Retail Stores"
                    ],
                    "_version_": 1735656285128359939,
                    "lcc_sort": "HC-0108.00000000.D37 D46 1982",
                    "author_facet": [
                        "OL2653225A Steve Perez",
                        "OL3429944A Bruce W. Most",
                        "OL6969695A Ken Freed",
                        "OL6969696A Joe Chirichigno",
                        "OL6969697A T. W. Gaddy"
                    ],
                    "subject_key": [
                        "accessible_book",
                        "business_travel",
                        "directories",
                        "guidebooks",
                        "industries",
                        "protected_daisy",
                        "retail_stores"
                    ],
                    "ddc_sort": "338.0978883"
                },
                {
                    "key": "/works/OL8024585W",
                    "type": "work",
                    "seed": [
                        "/books/OL11307122M",
                        "/books/OL11307123M",
                        "/works/OL8024585W",
                        "/authors/OL2672852A"
                    ],
                    "title": "John Denver",
                    "title_suggest": "John Denver",
                    "edition_count": 2,
                    "edition_key": [
                        "OL11307122M",
                        "OL11307123M"
                    ],
                    "publish_date": [
                        "December 31, 1998"
                    ],
                    "publish_year": [
                        1998
                    ],
                    "first_publish_year": 1998,
                    "isbn": [
                        "9780895240040",
                        "089524005X",
                        "0895240041",
                        "9780895240057"
                    ],
                    "last_modified_i": 1260838959,
                    "ebook_count_i": 0,
                    "ebook_access": "no_ebook",
                    "has_fulltext": false,
                    "public_scan_b": false,
                    "publisher": [
                        "Music Sales Ltd"
                    ],
                    "author_key": [
                        "OL2672852A"
                    ],
                    "author_name": [
                        "Lane"
                    ],
                    "publisher_facet": [
                        "Music Sales Ltd"
                    ],
                    "_version_": 1735676600195743745,
                    "author_facet": [
                        "OL2672852A Lane"
                    ]
                }
            ],
            "num_found": 8849,
            "q": "Denver",
            "offset": null
        }
  recorded_at: Tue, 27 Sep 2022 21:16:59 GMT
- request:
    method: get
    uri: http://www.mapquestapi.com/geocoding/v1/address?key=<mapquest_key>&location=Denver
    body:
      encoding: US-ASCII
      string: ''
    headers:
      User-Agent:
      - Faraday v2.5.2
      Accept-Encoding:
      - gzip;q=1.0,deflate;q=0.6,identity;q=0.3
      Accept:
      - "*/*"
  response:
    status:
      code: 200
      message: ''
    headers:
      Date:
      - Tue, 27 Sep 2022 21:16:59 GMT
      Content-Type:
      - application/json;charset=UTF-8
      Content-Length:
      - '19341'
      Access-Control-Allow-Methods:
      - OPTIONS,GET,POST
      Access-Control-Allow-Origin:
      - "*"
      Cache-Control:
      - no-cache, must-revalidate
      Expires:
      - Mon, 20 Dec 1998 01:00:00 GMT
      Geocodetransactioncount:
      - '1'
      Last-Modified:
      - Tue, 27 Sep 2022 21:16:59 GMT
      Pragma:
      - no-cache
      Reversegeocodetransactioncount:
      - '0'
      Set-Cookie:
      - JSESSIONID=ACEE9D74711E1BE1B0D05773F329C29F; Path=/; HttpOnly
      X-Vz-Migration-Api:
      - 'false'
      Status:
      - success
      - success
      Transactionweight:
      - '1.0'
    body:
      encoding: UTF-8
      string: '{"info":{"statuscode":0,"copyright":{"text":"\u00A9 2022 MapQuest,
        Inc.","imageUrl":"http://api.mqcdn.com/res/mqlogo.gif","imageAltText":"\u00A9
        2022 MapQuest, Inc."},"messages":[]},"options":{"maxResults":-1,"thumbMaps":true,"ignoreLatLngInput":false},"results":[{"providedLocation":{"location":"Denver"},"locations":[{"street":"","adminArea6":"","adminArea6Type":"Neighborhood","adminArea5":"Denver","adminArea5Type":"City","adminArea4":"Denver
        County","adminArea4Type":"County","adminArea3":"CO","adminArea3Type":"State","adminArea1":"US","adminArea1Type":"Country","postalCode":"","geocodeQualityCode":"A5XAX","geocodeQuality":"CITY","dragPoint":false,"sideOfStreet":"N","linkId":"282041090","unknownInput":"","type":"s","latLng":{"lat":39.738453,"lng":-104.984853},"displayLatLng":{"lat":39.738453,"lng":-104.984853},"mapUrl":"http://www.mapquestapi.com/staticmap/v5/map?key=<mapquest_key>&type=map&size=225,160&locations=39.738453,-104.984853|marker-sm-50318A-1&scalebar=true&zoom=12&rand=1385418245"},{"street":"","adminArea6":"","adminArea6Type":"Neighborhood","adminArea5":"Denver","adminArea5Type":"City","adminArea4":"Lancaster
        County","adminArea4Type":"County","adminArea3":"PA","adminArea3Type":"State","adminArea1":"US","adminArea1Type":"Country","postalCode":"","geocodeQualityCode":"A5XAX","geocodeQuality":"CITY","dragPoint":false,"sideOfStreet":"N","linkId":"282022119","unknownInput":"","type":"s","latLng":{"lat":40.234416,"lng":-76.139399},"displayLatLng":{"lat":40.234416,"lng":-76.139399},"mapUrl":"http://www.mapquestapi.com/staticmap/v5/map?key=<mapquest_key>&type=map&size=225,160&locations=40.234416,-76.139399|marker-sm-50318A-2&scalebar=true&zoom=12&rand=-1406078546"},{"street":"","adminArea6":"","adminArea6Type":"Neighborhood","adminArea5":"Denver","adminArea5Type":"City","adminArea4":"Norfolk","adminArea4Type":"County","adminArea3":"","adminArea3Type":"State","adminArea1":"GB","adminArea1Type":"Country","postalCode":"","geocodeQualityCode":"A5XAX","geocodeQuality":"CITY","dragPoint":false,"sideOfStreet":"N","linkId":"283527801","unknownInput":"","type":"s","latLng":{"lat":52.587895,"lng":0.381641},"displayLatLng":{"lat":52.587895,"lng":0.381641},"mapUrl":"http://www.mapquestapi.com/staticmap/v5/map?key=<mapquest_key>&type=map&size=225,160&locations=52.587895,0.381641|marker-sm-50318A-3&scalebar=true&zoom=12&rand=1537737035"},{"street":"","adminArea6":"","adminArea6Type":"Neighborhood","adminArea5":"Denver","adminArea5Type":"City","adminArea4":"Miami
        County","adminArea4Type":"County","adminArea3":"IN","adminArea3Type":"State","adminArea1":"US","adminArea1Type":"Country","postalCode":"","geocodeQualityCode":"A5XAX","geocodeQuality":"CITY","dragPoint":false,"sideOfStreet":"N","linkId":"282028889","unknownInput":"","type":"s","latLng":{"lat":40.865985,"lng":-86.076112},"displayLatLng":{"lat":40.865985,"lng":-86.076112},"mapUrl":"http://www.mapquestapi.com/staticmap/v5/map?key=<mapquest_key>&type=map&size=225,160&locations=40.865985,-86.076112|marker-sm-50318A-4&scalebar=true&zoom=12&rand=1047533430"},{"street":"","adminArea6":"","adminArea6Type":"Neighborhood","adminArea5":"Denver","adminArea5Type":"City","adminArea4":"Lincoln
        County","adminArea4Type":"County","adminArea3":"NC","adminArea3Type":"State","adminArea1":"US","adminArea1Type":"Country","postalCode":"","geocodeQualityCode":"A5XAX","geocodeQuality":"CITY","dragPoint":false,"sideOfStreet":"N","linkId":"282029192","unknownInput":"","type":"s","latLng":{"lat":35.531952,"lng":-81.030357},"displayLatLng":{"lat":35.531952,"lng":-81.030357},"mapUrl":"http://www.mapquestapi.com/staticmap/v5/map?key=<mapquest_key>&type=map&size=225,160&locations=35.531952,-81.030357|marker-sm-50318A-5&scalebar=true&zoom=12&rand=-718454895"},{"street":"","adminArea6":"","adminArea6Type":"Neighborhood","adminArea5":"Denver","adminArea5Type":"City","adminArea4":"Johnson
        County","adminArea4Type":"County","adminArea3":"KY","adminArea3Type":"State","adminArea1":"US","adminArea1Type":"Country","postalCode":"","geocodeQualityCode":"A5XAX","geocodeQuality":"CITY","dragPoint":false,"sideOfStreet":"N","linkId":"283382087","unknownInput":"","type":"s","latLng":{"lat":37.7761,"lng":-82.854698},"displayLatLng":{"lat":37.7761,"lng":-82.854698},"mapUrl":"http://www.mapquestapi.com/staticmap/v5/map?key=<mapquest_key>&type=map&size=225,160&locations=37.7761,-82.854698|marker-sm-50318A-6&scalebar=true&zoom=12&rand=-608642371"},{"street":"","adminArea6":"","adminArea6Type":"Neighborhood","adminArea5":"Denver","adminArea5Type":"City","adminArea4":"Preston
        County","adminArea4Type":"County","adminArea3":"WV","adminArea3Type":"State","adminArea1":"US","adminArea1Type":"Country","postalCode":"","geocodeQualityCode":"A5XAX","geocodeQuality":"CITY","dragPoint":false,"sideOfStreet":"N","linkId":"283425807","unknownInput":"","type":"s","latLng":{"lat":39.382198,"lng":-79.770599},"displayLatLng":{"lat":39.382198,"lng":-79.770599},"mapUrl":"http://www.mapquestapi.com/staticmap/v5/map?key=<mapquest_key>&type=map&size=225,160&locations=39.382198,-79.770599|marker-sm-50318A-7&scalebar=true&zoom=12&rand=441721886"},{"street":"","adminArea6":"","adminArea6Type":"Neighborhood","adminArea5":"Denver","adminArea5Type":"City","adminArea4":"Bremer
        County","adminArea4Type":"County","adminArea3":"IA","adminArea3Type":"State","adminArea1":"US","adminArea1Type":"Country","postalCode":"","geocodeQualityCode":"A5XAX","geocodeQuality":"CITY","dragPoint":false,"sideOfStreet":"N","linkId":"282022198","unknownInput":"","type":"s","latLng":{"lat":42.671352,"lng":-92.337251},"displayLatLng":{"lat":42.671352,"lng":-92.337251},"mapUrl":"http://www.mapquestapi.com/staticmap/v5/map?key=<mapquest_key>&type=map&size=225,160&locations=42.671352,-92.337251|marker-sm-50318A-8&scalebar=true&zoom=12&rand=1131177013"},{"street":"","adminArea6":"","adminArea6Type":"Neighborhood","adminArea5":"","adminArea5Type":"City","adminArea4":"Denver
        County","adminArea4Type":"County","adminArea3":"CO","adminArea3Type":"State","adminArea1":"US","adminArea1Type":"Country","postalCode":"","geocodeQualityCode":"A4XAX","geocodeQuality":"COUNTY","dragPoint":false,"sideOfStreet":"N","linkId":"282932003","unknownInput":"","type":"s","latLng":{"lat":39.738453,"lng":-104.984853},"displayLatLng":{"lat":39.738453,"lng":-104.984853},"mapUrl":"http://www.mapquestapi.com/staticmap/v5/map?key=<mapquest_key>&type=map&size=225,160&locations=39.738453,-104.984853|marker-sm-50318A-9&scalebar=true&zoom=9&rand=1016633744"},{"street":"","adminArea6":"","adminArea6Type":"Neighborhood","adminArea5":"Denver","adminArea5Type":"City","adminArea4":"Worth
        County","adminArea4Type":"County","adminArea3":"MO","adminArea3Type":"State","adminArea1":"US","adminArea1Type":"Country","postalCode":"","geocodeQualityCode":"A5XAX","geocodeQuality":"CITY","dragPoint":false,"sideOfStreet":"N","linkId":"282091728","unknownInput":"","type":"s","latLng":{"lat":40.398739,"lng":-94.323554},"displayLatLng":{"lat":40.398739,"lng":-94.323554},"mapUrl":"http://www.mapquestapi.com/staticmap/v5/map?key=<mapquest_key>&type=map&size=225,160&locations=40.398739,-94.323554|marker-sm-50318A-10&scalebar=true&zoom=12&rand=-1893073159"},{"street":"","adminArea6":"","adminArea6Type":"Neighborhood","adminArea5":"Denver","adminArea5Type":"City","adminArea4":"Adams
        County","adminArea4Type":"County","adminArea3":"NE","adminArea3Type":"State","adminArea1":"US","adminArea1Type":"Country","postalCode":"","geocodeQualityCode":"A5XAX","geocodeQuality":"CITY","dragPoint":false,"sideOfStreet":"N","linkId":"283599023","unknownInput":"","type":"s","latLng":{"lat":40.447201,"lng":-98.660301},"displayLatLng":{"lat":40.447201,"lng":-98.660301},"mapUrl":"http://www.mapquestapi.com/staticmap/v5/map?key=<mapquest_key>&type=map&size=225,160&locations=40.447201,-98.660301|marker-sm-50318A-11&scalebar=true&zoom=12&rand=-1476857946"},{"street":"","adminArea6":"","adminArea6Type":"Neighborhood","adminArea5":"Denver","adminArea5Type":"City","adminArea4":"Hancock
        County","adminArea4Type":"County","adminArea3":"IL","adminArea3Type":"State","adminArea1":"US","adminArea1Type":"Country","postalCode":"","geocodeQualityCode":"A5XAX","geocodeQuality":"CITY","dragPoint":false,"sideOfStreet":"N","linkId":"283594538","unknownInput":"","type":"s","latLng":{"lat":40.2906,"lng":-91.106903},"displayLatLng":{"lat":40.2906,"lng":-91.106903},"mapUrl":"http://www.mapquestapi.com/staticmap/v5/map?key=<mapquest_key>&type=map&size=225,160&locations=40.2906,-91.106903|marker-sm-50318A-12&scalebar=true&zoom=12&rand=1195161710"},{"street":"","adminArea6":"","adminArea6Type":"Neighborhood","adminArea5":"Denver","adminArea5Type":"City","adminArea4":"Delaware
        County","adminArea4Type":"County","adminArea3":"NY","adminArea3Type":"State","adminArea1":"US","adminArea1Type":"Country","postalCode":"","geocodeQualityCode":"A5XAX","geocodeQuality":"CITY","dragPoint":false,"sideOfStreet":"N","linkId":"283586712","unknownInput":"","type":"s","latLng":{"lat":42.212502,"lng":-74.569702},"displayLatLng":{"lat":42.212502,"lng":-74.569702},"mapUrl":"http://www.mapquestapi.com/staticmap/v5/map?key=<mapquest_key>&type=map&size=225,160&locations=42.212502,-74.569702|marker-sm-50318A-13&scalebar=true&zoom=12&rand=-1314665872"},{"street":"","adminArea6":"","adminArea6Type":"Neighborhood","adminArea5":"Denver","adminArea5Type":"City","adminArea4":"Cleveland
        County","adminArea4Type":"County","adminArea3":"OK","adminArea3Type":"State","adminArea1":"US","adminArea1Type":"Country","postalCode":"","geocodeQualityCode":"A5XAX","geocodeQuality":"CITY","dragPoint":false,"sideOfStreet":"N","linkId":"283485196","unknownInput":"","type":"s","latLng":{"lat":35.232498,"lng":-97.281898},"displayLatLng":{"lat":35.232498,"lng":-97.281898},"mapUrl":"http://www.mapquestapi.com/staticmap/v5/map?key=<mapquest_key>&type=map&size=225,160&locations=35.232498,-97.281898|marker-sm-50318A-14&scalebar=true&zoom=12&rand=-1772309390"},{"street":"","adminArea6":"","adminArea6Type":"Neighborhood","adminArea5":"Denver","adminArea5Type":"City","adminArea4":"Carroll
        County","adminArea4Type":"County","adminArea3":"AR","adminArea3Type":"State","adminArea1":"US","adminArea1Type":"Country","postalCode":"","geocodeQualityCode":"A5XAX","geocodeQuality":"CITY","dragPoint":false,"sideOfStreet":"N","linkId":"283481170","unknownInput":"","type":"s","latLng":{"lat":36.392502,"lng":-93.314697},"displayLatLng":{"lat":36.392502,"lng":-93.314697},"mapUrl":"http://www.mapquestapi.com/staticmap/v5/map?key=<mapquest_key>&type=map&size=225,160&locations=36.392502,-93.314697|marker-sm-50318A-15&scalebar=true&zoom=12&rand=-1371339707"},{"street":"","adminArea6":"","adminArea6Type":"Neighborhood","adminArea5":"Denver","adminArea5Type":"City","adminArea4":"Humphreys
        County","adminArea4Type":"County","adminArea3":"TN","adminArea3Type":"State","adminArea1":"US","adminArea1Type":"Country","postalCode":"","geocodeQualityCode":"A5XAX","geocodeQuality":"CITY","dragPoint":false,"sideOfStreet":"N","linkId":"283475247","unknownInput":"","type":"s","latLng":{"lat":36.046902,"lng":-87.920799},"displayLatLng":{"lat":36.046902,"lng":-87.920799},"mapUrl":"http://www.mapquestapi.com/staticmap/v5/map?key=<mapquest_key>&type=map&size=225,160&locations=36.046902,-87.920799|marker-sm-50318A-16&scalebar=true&zoom=12&rand=1555068697"},{"street":"","adminArea6":"","adminArea6Type":"Neighborhood","adminArea5":"Denver","adminArea5Type":"City","adminArea4":"Putnam
        County","adminArea4Type":"County","adminArea3":"FL","adminArea3Type":"State","adminArea1":"US","adminArea1Type":"Country","postalCode":"","geocodeQualityCode":"A5XAX","geocodeQuality":"CITY","dragPoint":false,"sideOfStreet":"N","linkId":"283460182","unknownInput":"","type":"s","latLng":{"lat":29.4042,"lng":-81.526901},"displayLatLng":{"lat":29.4042,"lng":-81.526901},"mapUrl":"http://www.mapquestapi.com/staticmap/v5/map?key=<mapquest_key>&type=map&size=225,160&locations=29.4042,-81.526901|marker-sm-50318A-17&scalebar=true&zoom=12&rand=679607851"},{"street":"","adminArea6":"","adminArea6Type":"Neighborhood","adminArea5":"Denver","adminArea5Type":"City","adminArea4":"Tallapoosa
        County","adminArea4Type":"County","adminArea3":"AL","adminArea3Type":"State","adminArea1":"US","adminArea1Type":"Country","postalCode":"","geocodeQualityCode":"A5XAX","geocodeQuality":"CITY","dragPoint":false,"sideOfStreet":"N","linkId":"283425582","unknownInput":"","type":"s","latLng":{"lat":32.9939,"lng":-85.606697},"displayLatLng":{"lat":32.9939,"lng":-85.606697},"mapUrl":"http://www.mapquestapi.com/staticmap/v5/map?key=<mapquest_key>&type=map&size=225,160&locations=32.9939,-85.606697|marker-sm-50318A-18&scalebar=true&zoom=12&rand=797031060"},{"street":"","adminArea6":"","adminArea6Type":"Neighborhood","adminArea5":"Denver","adminArea5Type":"City","adminArea4":"Idaho
        County","adminArea4Type":"County","adminArea3":"ID","adminArea3Type":"State","adminArea1":"US","adminArea1Type":"Country","postalCode":"","geocodeQualityCode":"A5XAX","geocodeQuality":"CITY","dragPoint":false,"sideOfStreet":"N","linkId":"283382983","unknownInput":"","type":"s","latLng":{"lat":45.998299,"lng":-116.235001},"displayLatLng":{"lat":45.998299,"lng":-116.235001},"mapUrl":"http://www.mapquestapi.com/staticmap/v5/map?key=<mapquest_key>&type=map&size=225,160&locations=45.998299,-116.235001|marker-sm-50318A-19&scalebar=true&zoom=12&rand=-2136693099"},{"street":"","adminArea6":"","adminArea6Type":"Neighborhood","adminArea5":"Denver","adminArea5Type":"City","adminArea4":"Anderson
        County","adminArea4Type":"County","adminArea3":"SC","adminArea3Type":"State","adminArea1":"US","adminArea1Type":"Country","postalCode":"","geocodeQualityCode":"A5XAX","geocodeQuality":"CITY","dragPoint":false,"sideOfStreet":"N","linkId":"283378481","unknownInput":"","type":"s","latLng":{"lat":34.575298,"lng":-82.736702},"displayLatLng":{"lat":34.575298,"lng":-82.736702},"mapUrl":"http://www.mapquestapi.com/staticmap/v5/map?key=<mapquest_key>&type=map&size=225,160&locations=34.575298,-82.736702|marker-sm-50318A-20&scalebar=true&zoom=12&rand=1626332908"},{"street":"","adminArea6":"","adminArea6Type":"Neighborhood","adminArea5":"Denver","adminArea5Type":"City","adminArea4":"Sargent
        County","adminArea4Type":"County","adminArea3":"ND","adminArea3Type":"State","adminArea1":"US","adminArea1Type":"Country","postalCode":"","geocodeQualityCode":"A5XAX","geocodeQuality":"CITY","dragPoint":false,"sideOfStreet":"N","linkId":"364542998","unknownInput":"","type":"s","latLng":{"lat":46.200214,"lng":-97.962156},"displayLatLng":{"lat":46.200214,"lng":-97.962156},"mapUrl":"http://www.mapquestapi.com/staticmap/v5/map?key=<mapquest_key>&type=map&size=225,160&locations=46.200214,-97.962156|marker-sm-50318A-21&scalebar=true&zoom=12&rand=1081656488"},{"street":"","adminArea6":"","adminArea6Type":"Neighborhood","adminArea5":"Denver","adminArea5Type":"City","adminArea4":"Adams
        County","adminArea4Type":"County","adminArea3":"NE","adminArea3Type":"State","adminArea1":"US","adminArea1Type":"Country","postalCode":"","geocodeQualityCode":"A5XAX","geocodeQuality":"CITY","dragPoint":false,"sideOfStreet":"N","linkId":"364500819","unknownInput":"","type":"s","latLng":{"lat":40.553542,"lng":-98.449532},"displayLatLng":{"lat":40.553542,"lng":-98.449532},"mapUrl":"http://www.mapquestapi.com/staticmap/v5/map?key=<mapquest_key>&type=map&size=225,160&locations=40.553542,-98.449532|marker-sm-50318A-22&scalebar=true&zoom=12&rand=-259429700"},{"street":"","adminArea6":"","adminArea6Type":"Neighborhood","adminArea5":"Denver","adminArea5Type":"City","adminArea4":"Rock
        County","adminArea4Type":"County","adminArea3":"MN","adminArea3Type":"State","adminArea1":"US","adminArea1Type":"Country","postalCode":"","geocodeQualityCode":"A5XAX","geocodeQuality":"CITY","dragPoint":false,"sideOfStreet":"N","linkId":"364496296","unknownInput":"","type":"s","latLng":{"lat":43.804988,"lng":-96.232397},"displayLatLng":{"lat":43.804988,"lng":-96.232397},"mapUrl":"http://www.mapquestapi.com/staticmap/v5/map?key=<mapquest_key>&type=map&size=225,160&locations=43.804988,-96.232397|marker-sm-50318A-23&scalebar=true&zoom=12&rand=1398433380"},{"street":"","adminArea6":"","adminArea6Type":"Neighborhood","adminArea5":"Denver","adminArea5Type":"City","adminArea4":"Newaygo
        County","adminArea4Type":"County","adminArea3":"MI","adminArea3Type":"State","adminArea1":"US","adminArea1Type":"Country","postalCode":"","geocodeQualityCode":"A5XAX","geocodeQuality":"CITY","dragPoint":false,"sideOfStreet":"N","linkId":"364493056","unknownInput":"","type":"s","latLng":{"lat":43.597543,"lng":-85.979732},"displayLatLng":{"lat":43.597543,"lng":-85.979732},"mapUrl":"http://www.mapquestapi.com/staticmap/v5/map?key=<mapquest_key>&type=map&size=225,160&locations=43.597543,-85.979732|marker-sm-50318A-24&scalebar=true&zoom=12&rand=104120081"},{"street":"","adminArea6":"","adminArea6Type":"Neighborhood","adminArea5":"Denver","adminArea5Type":"City","adminArea4":"Richland
        County","adminArea4Type":"County","adminArea3":"IL","adminArea3Type":"State","adminArea1":"US","adminArea1Type":"Country","postalCode":"","geocodeQualityCode":"A5XAX","geocodeQuality":"CITY","dragPoint":false,"sideOfStreet":"N","linkId":"364487649","unknownInput":"","type":"s","latLng":{"lat":38.803343,"lng":-88.204027},"displayLatLng":{"lat":38.803343,"lng":-88.204027},"mapUrl":"http://www.mapquestapi.com/staticmap/v5/map?key=<mapquest_key>&type=map&size=225,160&locations=38.803343,-88.204027|marker-sm-50318A-25&scalebar=true&zoom=12&rand=1959705184"},{"street":"","adminArea6":"","adminArea6Type":"Neighborhood","adminArea5":"Denver","adminArea5Type":"City","adminArea4":"Isabella
        County","adminArea4Type":"County","adminArea3":"MI","adminArea3Type":"State","adminArea1":"US","adminArea1Type":"Country","postalCode":"","geocodeQualityCode":"A5XAX","geocodeQuality":"CITY","dragPoint":false,"sideOfStreet":"N","linkId":"364424579","unknownInput":"","type":"s","latLng":{"lat":43.684302,"lng":-84.687744},"displayLatLng":{"lat":43.684302,"lng":-84.687744},"mapUrl":"http://www.mapquestapi.com/staticmap/v5/map?key=<mapquest_key>&type=map&size=225,160&locations=43.684302,-84.687744|marker-sm-50318A-26&scalebar=true&zoom=12&rand=-1217077745"},{"street":"","adminArea6":"","adminArea6Type":"Neighborhood","adminArea5":"Denver","adminArea5Type":"City","adminArea4":"Kingsbury
        County","adminArea4Type":"County","adminArea3":"SD","adminArea3Type":"State","adminArea1":"US","adminArea1Type":"Country","postalCode":"","geocodeQualityCode":"A5XAX","geocodeQuality":"CITY","dragPoint":false,"sideOfStreet":"N","linkId":"364404001","unknownInput":"","type":"s","latLng":{"lat":44.405739,"lng":-97.209502},"displayLatLng":{"lat":44.405739,"lng":-97.209502},"mapUrl":"http://www.mapquestapi.com/staticmap/v5/map?key=<mapquest_key>&type=map&size=225,160&locations=44.405739,-97.209502|marker-sm-50318A-27&scalebar=true&zoom=12&rand=761573887"}]}]}'
  recorded_at: Tue, 27 Sep 2022 21:16:59 GMT
- request:
    method: get
    uri: http://api.openweathermap.org/data/2.5/onecall?appid=<openweather_key>&exclude=minutely&lat=39.738453&lon=-104.984853&units=imperial
    body:
      encoding: US-ASCII
      string: ''
    headers:
      User-Agent:
      - Faraday v2.5.2
      Accept-Encoding:
      - gzip;q=1.0,deflate;q=0.6,identity;q=0.3
      Accept:
      - "*/*"
  response:
    status:
      code: 200
      message: OK
    headers:
      Server:
      - openresty
      Date:
      - Tue, 27 Sep 2022 21:16:59 GMT
      Content-Type:
      - application/json; charset=utf-8
      Content-Length:
      - '17640'
      Connection:
      - keep-alive
      X-Cache-Key:
      - "/data/2.5/onecall?exclude=minutely&lat=39.74&lon=-104.98&units=imperial"
      Access-Control-Allow-Origin:
      - "*"
      Access-Control-Allow-Credentials:
      - 'true'
      Access-Control-Allow-Methods:
      - GET, POST
    body:
      encoding: UTF-8
      string: '{"lat":39.7385,"lon":-104.9849,"timezone":"America/Denver","timezone_offset":-21600,"current":{"dt":1664313413,"sunrise":1664283136,"sunset":1664326167,"temp":75.02,"feels_like":73.78,"pressure":1021,"humidity":33,"dew_point":44.01,"uvi":3.98,"clouds":69,"visibility":10000,"wind_speed":3,"wind_deg":295,"wind_gust":7,"weather":[{"id":803,"main":"Clouds","description":"broken
        clouds","icon":"04d"}]},"hourly":[{"dt":1664312400,"temp":75.02,"feels_like":73.78,"pressure":1021,"humidity":33,"dew_point":44.01,"uvi":3.98,"clouds":69,"visibility":10000,"wind_speed":13.71,"wind_deg":257,"wind_gust":14.34,"weather":[{"id":803,"main":"Clouds","description":"broken
        clouds","icon":"04d"}],"pop":0.15},{"dt":1664316000,"temp":74.37,"feels_like":73.02,"pressure":1020,"humidity":32,"dew_point":42.64,"uvi":2.49,"clouds":71,"visibility":10000,"wind_speed":10.04,"wind_deg":190,"wind_gust":13.29,"weather":[{"id":803,"main":"Clouds","description":"broken
        clouds","icon":"04d"}],"pop":0.24},{"dt":1664319600,"temp":74.23,"feels_like":72.81,"pressure":1020,"humidity":31,"dew_point":41.68,"uvi":1.06,"clouds":69,"visibility":10000,"wind_speed":9.15,"wind_deg":177,"wind_gust":12.24,"weather":[{"id":803,"main":"Clouds","description":"broken
        clouds","icon":"04d"}],"pop":0.28},{"dt":1664323200,"temp":74.05,"feels_like":72.52,"pressure":1019,"humidity":29,"dew_point":39.81,"uvi":0.25,"clouds":70,"visibility":10000,"wind_speed":11.9,"wind_deg":194,"wind_gust":14.63,"weather":[{"id":803,"main":"Clouds","description":"broken
        clouds","icon":"04d"}],"pop":0.36},{"dt":1664326800,"temp":71.74,"feels_like":70.18,"pressure":1019,"humidity":33,"dew_point":41.14,"uvi":0,"clouds":92,"visibility":10000,"wind_speed":10.33,"wind_deg":187,"wind_gust":14.14,"weather":[{"id":804,"main":"Clouds","description":"overcast
        clouds","icon":"04n"}],"pop":0.08},{"dt":1664330400,"temp":68.61,"feels_like":66.96,"pressure":1020,"humidity":38,"dew_point":41.77,"uvi":0,"clouds":85,"visibility":10000,"wind_speed":7.31,"wind_deg":195,"wind_gust":12.24,"weather":[{"id":804,"main":"Clouds","description":"overcast
        clouds","icon":"04n"}],"pop":0.08},{"dt":1664334000,"temp":67.62,"feels_like":65.97,"pressure":1020,"humidity":40,"dew_point":41.94,"uvi":0,"clouds":66,"visibility":10000,"wind_speed":5.68,"wind_deg":205,"wind_gust":8.37,"weather":[{"id":803,"main":"Clouds","description":"broken
        clouds","icon":"04n"}],"pop":0.08},{"dt":1664337600,"temp":66.6,"feels_like":64.92,"pressure":1021,"humidity":42,"dew_point":42.42,"uvi":0,"clouds":51,"visibility":10000,"wind_speed":5.28,"wind_deg":193,"wind_gust":9.15,"weather":[{"id":803,"main":"Clouds","description":"broken
        clouds","icon":"04n"}],"pop":0},{"dt":1664341200,"temp":65.64,"feels_like":63.93,"pressure":1021,"humidity":43,"dew_point":42.4,"uvi":0,"clouds":43,"visibility":10000,"wind_speed":4.9,"wind_deg":173,"wind_gust":7.4,"weather":[{"id":802,"main":"Clouds","description":"scattered
        clouds","icon":"03n"}],"pop":0},{"dt":1664344800,"temp":64.35,"feels_like":62.6,"pressure":1021,"humidity":45,"dew_point":42.39,"uvi":0,"clouds":38,"visibility":10000,"wind_speed":6.6,"wind_deg":194,"wind_gust":9.86,"weather":[{"id":802,"main":"Clouds","description":"scattered
        clouds","icon":"03n"}],"pop":0},{"dt":1664348400,"temp":63.55,"feels_like":61.77,"pressure":1021,"humidity":46,"dew_point":42.26,"uvi":0,"clouds":7,"visibility":10000,"wind_speed":6.13,"wind_deg":200,"wind_gust":10.09,"weather":[{"id":800,"main":"Clear","description":"clear
        sky","icon":"01n"}],"pop":0},{"dt":1664352000,"temp":62.85,"feels_like":61.05,"pressure":1020,"humidity":47,"dew_point":42.04,"uvi":0,"clouds":5,"visibility":10000,"wind_speed":6.78,"wind_deg":193,"wind_gust":11.65,"weather":[{"id":800,"main":"Clear","description":"clear
        sky","icon":"01n"}],"pop":0},{"dt":1664355600,"temp":62.42,"feels_like":60.57,"pressure":1020,"humidity":47,"dew_point":41.81,"uvi":0,"clouds":4,"visibility":10000,"wind_speed":6.06,"wind_deg":199,"wind_gust":10.6,"weather":[{"id":800,"main":"Clear","description":"clear
        sky","icon":"01n"}],"pop":0},{"dt":1664359200,"temp":61.86,"feels_like":59.95,"pressure":1020,"humidity":47,"dew_point":41.34,"uvi":0,"clouds":3,"visibility":10000,"wind_speed":5.53,"wind_deg":200,"wind_gust":9.1,"weather":[{"id":800,"main":"Clear","description":"clear
        sky","icon":"01n"}],"pop":0},{"dt":1664362800,"temp":61.3,"feels_like":59.34,"pressure":1020,"humidity":47,"dew_point":40.69,"uvi":0,"clouds":2,"visibility":10000,"wind_speed":4.68,"wind_deg":215,"wind_gust":7.58,"weather":[{"id":800,"main":"Clear","description":"clear
        sky","icon":"01n"}],"pop":0},{"dt":1664366400,"temp":61.12,"feels_like":59.09,"pressure":1020,"humidity":46,"dew_point":39.72,"uvi":0,"clouds":3,"visibility":10000,"wind_speed":3.74,"wind_deg":213,"wind_gust":4.99,"weather":[{"id":800,"main":"Clear","description":"clear
        sky","icon":"01n"}],"pop":0},{"dt":1664370000,"temp":60.73,"feels_like":58.62,"pressure":1021,"humidity":45,"dew_point":38.86,"uvi":0,"clouds":5,"visibility":10000,"wind_speed":3.51,"wind_deg":208,"wind_gust":3.94,"weather":[{"id":800,"main":"Clear","description":"clear
        sky","icon":"01d"}],"pop":0},{"dt":1664373600,"temp":62.69,"feels_like":60.58,"pressure":1021,"humidity":41,"dew_point":38.05,"uvi":0.26,"clouds":3,"visibility":10000,"wind_speed":2.84,"wind_deg":209,"wind_gust":3.58,"weather":[{"id":800,"main":"Clear","description":"clear
        sky","icon":"01d"}],"pop":0},{"dt":1664377200,"temp":66.51,"feels_like":64.45,"pressure":1021,"humidity":34,"dew_point":36.82,"uvi":1.05,"clouds":4,"visibility":10000,"wind_speed":2.66,"wind_deg":213,"wind_gust":3.42,"weather":[{"id":800,"main":"Clear","description":"clear
        sky","icon":"01d"}],"pop":0},{"dt":1664380800,"temp":70.92,"feels_like":69.03,"pressure":1020,"humidity":28,"dew_point":36.03,"uvi":2.48,"clouds":4,"visibility":10000,"wind_speed":2.64,"wind_deg":187,"wind_gust":3.58,"weather":[{"id":800,"main":"Clear","description":"clear
        sky","icon":"01d"}],"pop":0},{"dt":1664384400,"temp":75.11,"feels_like":73.4,"pressure":1019,"humidity":23,"dew_point":35.1,"uvi":4.21,"clouds":5,"visibility":10000,"wind_speed":2.44,"wind_deg":164,"wind_gust":3.38,"weather":[{"id":800,"main":"Clear","description":"clear
        sky","icon":"01d"}],"pop":0},{"dt":1664388000,"temp":78.98,"feels_like":78.98,"pressure":1018,"humidity":19,"dew_point":33.53,"uvi":5.61,"clouds":4,"visibility":10000,"wind_speed":3.94,"wind_deg":129,"wind_gust":3.33,"weather":[{"id":800,"main":"Clear","description":"clear
        sky","icon":"01d"}],"pop":0},{"dt":1664391600,"temp":81.91,"feels_like":79.59,"pressure":1016,"humidity":14,"dew_point":28.18,"uvi":6.17,"clouds":5,"visibility":10000,"wind_speed":5.93,"wind_deg":92,"wind_gust":9.93,"weather":[{"id":800,"main":"Clear","description":"clear
        sky","icon":"01d"}],"pop":0},{"dt":1664395200,"temp":82.9,"feels_like":80.29,"pressure":1015,"humidity":13,"dew_point":27.57,"uvi":5.63,"clouds":10,"visibility":10000,"wind_speed":5.73,"wind_deg":93,"wind_gust":8.34,"weather":[{"id":800,"main":"Clear","description":"clear
        sky","icon":"01d"}],"pop":0},{"dt":1664398800,"temp":83.82,"feels_like":80.96,"pressure":1015,"humidity":13,"dew_point":28.49,"uvi":4.22,"clouds":29,"visibility":10000,"wind_speed":0.74,"wind_deg":109,"wind_gust":5.66,"weather":[{"id":802,"main":"Clouds","description":"scattered
        clouds","icon":"03d"}],"pop":0},{"dt":1664402400,"temp":83.23,"feels_like":80.55,"pressure":1014,"humidity":14,"dew_point":29.01,"uvi":2.51,"clouds":46,"visibility":10000,"wind_speed":5.03,"wind_deg":161,"wind_gust":6.46,"weather":[{"id":802,"main":"Clouds","description":"scattered
        clouds","icon":"03d"}],"pop":0},{"dt":1664406000,"temp":82.85,"feels_like":80.26,"pressure":1014,"humidity":14,"dew_point":28.87,"uvi":1.06,"clouds":55,"visibility":10000,"wind_speed":7.34,"wind_deg":155,"wind_gust":9.31,"weather":[{"id":803,"main":"Clouds","description":"broken
        clouds","icon":"04d"}],"pop":0},{"dt":1664409600,"temp":81.25,"feels_like":79.2,"pressure":1014,"humidity":16,"dew_point":30.87,"uvi":0.25,"clouds":60,"visibility":10000,"wind_speed":8.99,"wind_deg":149,"wind_gust":8.5,"weather":[{"id":803,"main":"Clouds","description":"broken
        clouds","icon":"04d"}],"pop":0},{"dt":1664413200,"temp":77.68,"feels_like":76.23,"pressure":1015,"humidity":23,"dew_point":36.32,"uvi":0,"clouds":99,"visibility":10000,"wind_speed":12.82,"wind_deg":172,"wind_gust":18.16,"weather":[{"id":804,"main":"Clouds","description":"overcast
        clouds","icon":"04n"}],"pop":0},{"dt":1664416800,"temp":74.52,"feels_like":72.93,"pressure":1016,"humidity":27,"dew_point":38.48,"uvi":0,"clouds":100,"visibility":10000,"wind_speed":10.6,"wind_deg":187,"wind_gust":21.12,"weather":[{"id":804,"main":"Clouds","description":"overcast
        clouds","icon":"04n"}],"pop":0},{"dt":1664420400,"temp":73.13,"feels_like":71.46,"pressure":1016,"humidity":28,"dew_point":38.17,"uvi":0,"clouds":86,"visibility":10000,"wind_speed":7.05,"wind_deg":179,"wind_gust":13.56,"weather":[{"id":804,"main":"Clouds","description":"overcast
        clouds","icon":"04n"}],"pop":0},{"dt":1664424000,"temp":71.64,"feels_like":69.85,"pressure":1017,"humidity":29,"dew_point":37.49,"uvi":0,"clouds":68,"visibility":10000,"wind_speed":6.6,"wind_deg":192,"wind_gust":10.49,"weather":[{"id":803,"main":"Clouds","description":"broken
        clouds","icon":"04n"}],"pop":0},{"dt":1664427600,"temp":70.34,"feels_like":68.49,"pressure":1017,"humidity":30,"dew_point":36.97,"uvi":0,"clouds":74,"visibility":10000,"wind_speed":6.76,"wind_deg":190,"wind_gust":10.94,"weather":[{"id":803,"main":"Clouds","description":"broken
        clouds","icon":"04n"}],"pop":0},{"dt":1664431200,"temp":69.37,"feels_like":67.41,"pressure":1017,"humidity":30,"dew_point":36.52,"uvi":0,"clouds":77,"visibility":10000,"wind_speed":5.64,"wind_deg":222,"wind_gust":10.04,"weather":[{"id":803,"main":"Clouds","description":"broken
        clouds","icon":"04n"}],"pop":0},{"dt":1664434800,"temp":69.04,"feels_like":67.01,"pressure":1017,"humidity":29,"dew_point":35.38,"uvi":0,"clouds":100,"visibility":10000,"wind_speed":4.83,"wind_deg":273,"wind_gust":9.86,"weather":[{"id":804,"main":"Clouds","description":"overcast
        clouds","icon":"04n"}],"pop":0},{"dt":1664438400,"temp":68.29,"feels_like":66.22,"pressure":1017,"humidity":30,"dew_point":34.95,"uvi":0,"clouds":100,"visibility":10000,"wind_speed":3.27,"wind_deg":268,"wind_gust":4.56,"weather":[{"id":804,"main":"Clouds","description":"overcast
        clouds","icon":"04n"}],"pop":0},{"dt":1664442000,"temp":67.48,"feels_like":65.39,"pressure":1017,"humidity":31,"dew_point":35.2,"uvi":0,"clouds":96,"visibility":10000,"wind_speed":2.59,"wind_deg":247,"wind_gust":2.73,"weather":[{"id":804,"main":"Clouds","description":"overcast
        clouds","icon":"04n"}],"pop":0},{"dt":1664445600,"temp":66.36,"feels_like":64.26,"pressure":1017,"humidity":33,"dew_point":35.67,"uvi":0,"clouds":79,"visibility":10000,"wind_speed":3.58,"wind_deg":212,"wind_gust":3.78,"weather":[{"id":803,"main":"Clouds","description":"broken
        clouds","icon":"04n"}],"pop":0},{"dt":1664449200,"temp":65.37,"feels_like":63.25,"pressure":1017,"humidity":35,"dew_point":36.72,"uvi":0,"clouds":69,"visibility":10000,"wind_speed":4.88,"wind_deg":206,"wind_gust":6.46,"weather":[{"id":803,"main":"Clouds","description":"broken
        clouds","icon":"04n"}],"pop":0},{"dt":1664452800,"temp":64.71,"feels_like":62.62,"pressure":1017,"humidity":37,"dew_point":37.27,"uvi":0,"clouds":61,"visibility":10000,"wind_speed":4.65,"wind_deg":211,"wind_gust":6.6,"weather":[{"id":803,"main":"Clouds","description":"broken
        clouds","icon":"04n"}],"pop":0},{"dt":1664456400,"temp":64.35,"feels_like":62.22,"pressure":1018,"humidity":37,"dew_point":37.42,"uvi":0,"clouds":99,"visibility":10000,"wind_speed":4.9,"wind_deg":210,"wind_gust":6.96,"weather":[{"id":804,"main":"Clouds","description":"overcast
        clouds","icon":"04d"}],"pop":0},{"dt":1664460000,"temp":65.73,"feels_like":63.64,"pressure":1018,"humidity":35,"dew_point":37.15,"uvi":0.24,"clouds":99,"visibility":10000,"wind_speed":5.03,"wind_deg":203,"wind_gust":7.34,"weather":[{"id":804,"main":"Clouds","description":"overcast
        clouds","icon":"04d"}],"pop":0},{"dt":1664463600,"temp":69.35,"feels_like":67.39,"pressure":1017,"humidity":30,"dew_point":36.43,"uvi":0.99,"clouds":100,"visibility":10000,"wind_speed":5.39,"wind_deg":207,"wind_gust":6.87,"weather":[{"id":804,"main":"Clouds","description":"overcast
        clouds","icon":"04d"}],"pop":0},{"dt":1664467200,"temp":73.8,"feels_like":72.05,"pressure":1017,"humidity":25,"dew_point":36.01,"uvi":2.28,"clouds":100,"visibility":10000,"wind_speed":4.25,"wind_deg":209,"wind_gust":5.28,"weather":[{"id":804,"main":"Clouds","description":"overcast
        clouds","icon":"04d"}],"pop":0},{"dt":1664470800,"temp":77.31,"feels_like":75.78,"pressure":1016,"humidity":22,"dew_point":35.33,"uvi":3.89,"clouds":100,"visibility":10000,"wind_speed":2.82,"wind_deg":178,"wind_gust":3.56,"weather":[{"id":804,"main":"Clouds","description":"overcast
        clouds","icon":"04d"}],"pop":0},{"dt":1664474400,"temp":80.04,"feels_like":78.57,"pressure":1014,"humidity":19,"dew_point":34.03,"uvi":5.19,"clouds":100,"visibility":10000,"wind_speed":3.87,"wind_deg":141,"wind_gust":5.26,"weather":[{"id":804,"main":"Clouds","description":"overcast
        clouds","icon":"04d"}],"pop":0},{"dt":1664478000,"temp":81.9,"feels_like":79.65,"pressure":1013,"humidity":16,"dew_point":31.3,"uvi":5.57,"clouds":100,"visibility":10000,"wind_speed":5.26,"wind_deg":118,"wind_gust":8.93,"weather":[{"id":804,"main":"Clouds","description":"overcast
        clouds","icon":"04d"}],"pop":0},{"dt":1664481600,"temp":83.23,"feels_like":80.56,"pressure":1011,"humidity":15,"dew_point":30.69,"uvi":5.08,"clouds":94,"visibility":10000,"wind_speed":6.78,"wind_deg":112,"wind_gust":10.16,"weather":[{"id":804,"main":"Clouds","description":"overcast
        clouds","icon":"04d"}],"pop":0}],"daily":[{"dt":1664301600,"sunrise":1664283136,"sunset":1664326167,"moonrise":1664289480,"moonset":1664330040,"moon_phase":0.06,"temp":{"day":75.16,"min":61.36,"max":76.3,"night":65.64,"eve":74.05,"morn":62.08},"feels_like":{"day":73.56,"night":63.93,"eve":72.52,"morn":59.49},"pressure":1020,"humidity":25,"dew_point":36.97,"wind_speed":14.32,"wind_deg":281,"wind_gust":14.63,"weather":[{"id":802,"main":"Clouds","description":"scattered
        clouds","icon":"03d"}],"clouds":46,"pop":0.36,"uvi":5.81},{"dt":1664388000,"sunrise":1664369593,"sunset":1664412468,"moonrise":1664380080,"moonset":1664418120,"moon_phase":0.1,"temp":{"day":78.98,"min":60.73,"max":83.82,"night":70.34,"eve":81.25,"morn":61.12},"feels_like":{"day":78.98,"night":68.49,"eve":79.2,"morn":59.09},"pressure":1018,"humidity":19,"dew_point":33.53,"wind_speed":12.82,"wind_deg":172,"wind_gust":21.12,"weather":[{"id":800,"main":"Clear","description":"clear
        sky","icon":"01d"}],"clouds":4,"pop":0,"uvi":6.17},{"dt":1664474400,"sunrise":1664456049,"sunset":1664498770,"moonrise":1664470800,"moonset":1664506500,"moon_phase":0.13,"temp":{"day":80.04,"min":64.35,"max":83.91,"night":70.92,"eve":79.83,"morn":64.71},"feels_like":{"day":78.57,"night":69.03,"eve":79.83,"morn":62.62},"pressure":1014,"humidity":19,"dew_point":34.03,"wind_speed":16.67,"wind_deg":306,"wind_gust":13.11,"weather":[{"id":804,"main":"Clouds","description":"overcast
        clouds","icon":"04d"}],"clouds":100,"pop":0.12,"uvi":5.57},{"dt":1664560800,"sunrise":1664542507,"sunset":1664585072,"moonrise":1664561580,"moonset":1664595360,"moon_phase":0.17,"temp":{"day":78.55,"min":64.45,"max":79.7,"night":65.34,"eve":69.37,"morn":64.45},"feels_like":{"day":77.04,"night":63.73,"eve":67.84,"morn":62.24},"pressure":1009,"humidity":20,"dew_point":34.45,"wind_speed":15.75,"wind_deg":3,"wind_gust":18.92,"weather":[{"id":500,"main":"Rain","description":"light
        rain","icon":"10d"}],"clouds":8,"pop":0.47,"rain":0.12,"uvi":5.49},{"dt":1664647200,"sunrise":1664628964,"sunset":1664671374,"moonrise":1664652300,"moonset":1664684820,"moon_phase":0.2,"temp":{"day":70.48,"min":53.96,"max":71.15,"night":53.96,"eve":54.12,"morn":59.05},"feels_like":{"day":68.92,"night":52.63,"eve":52.9,"morn":57.43},"pressure":1009,"humidity":36,"dew_point":42.31,"wind_speed":11.03,"wind_deg":351,"wind_gust":16.08,"weather":[{"id":501,"main":"Rain","description":"moderate
        rain","icon":"10d"}],"clouds":63,"pop":1,"rain":8.93,"uvi":4.99},{"dt":1664733600,"sunrise":1664715422,"sunset":1664757677,"moonrise":1664742660,"moonset":1664774880,"moon_phase":0.25,"temp":{"day":60.37,"min":52.84,"max":64.67,"night":57.27,"eve":63.88,"morn":54.27},"feels_like":{"day":58.5,"night":55.8,"eve":62.08,"morn":52.63},"pressure":1014,"humidity":51,"dew_point":42.03,"wind_speed":8.19,"wind_deg":26,"wind_gust":7.52,"weather":[{"id":500,"main":"Rain","description":"light
        rain","icon":"10d"}],"clouds":43,"pop":0.95,"rain":2.38,"uvi":5},{"dt":1664820000,"sunrise":1664801880,"sunset":1664843980,"moonrise":1664832480,"moonset":0,"moon_phase":0.28,"temp":{"day":58.84,"min":54.64,"max":63.03,"night":58.39,"eve":59.61,"morn":54.64},"feels_like":{"day":56.77,"night":56.61,"eve":57.76,"morn":52.57},"pressure":1020,"humidity":50,"dew_point":39.81,"wind_speed":14.74,"wind_deg":8,"wind_gust":17.6,"weather":[{"id":500,"main":"Rain","description":"light
        rain","icon":"10d"}],"clouds":86,"pop":0.85,"rain":0.65,"uvi":5},{"dt":1664906400,"sunrise":1664888338,"sunset":1664930283,"moonrise":1664921700,"moonset":1664865480,"moon_phase":0.31,"temp":{"day":65.88,"min":52.7,"max":71.53,"night":64.42,"eve":70.61,"morn":52.7},"feels_like":{"day":63.63,"night":61.97,"eve":68.27,"morn":50.83},"pressure":1020,"humidity":31,"dew_point":34.41,"wind_speed":5.86,"wind_deg":110,"wind_gust":11.27,"weather":[{"id":800,"main":"Clear","description":"clear
        sky","icon":"01d"}],"clouds":0,"pop":0.04,"uvi":5}]}'
  recorded_at: Tue, 27 Sep 2022 21:17:00 GMT
recorded_with: VCR 6.1.0
